Calculating task graph as configuration cache cannot be reused because file 'src\main\resources\fabric.mod.json' has changed.

> Configure project :
Fabric Loom: 1.15.5

> Task :generateLog4jConfig UP-TO-DATE
> Task :processClientResources UP-TO-DATE
> Task :generateRemapClasspath UP-TO-DATE
> Task :downloadAssets UP-TO-DATE
> Task :compileJava UP-TO-DATE
> Task :generateDLIConfig UP-TO-DATE
> Task :configureLaunch UP-TO-DATE
> Task :configureClientLaunch UP-TO-DATE
> Task :processResources
> Task :classes
> Task :compileClientJava UP-TO-DATE
> Task :clientClasses UP-TO-DATE

> Task :runClient
[12:41:56] [main/INFO] (FabricLoader/GameProvider) Loading Minecraft 1.21.1 with Fabric Loader 0.16.14
[12:41:57] [main/INFO] (FabricLoader) Loading 55 mods:
	- fabric-api 0.116.8+1.21.1
	- fabric-api-base 0.4.42+6573ed8c19
	- fabric-api-lookup-api-v1 1.6.71+b559734419
	- fabric-biome-api-v1 13.0.31+d527f9fd19
	- fabric-block-api-v1 1.1.0+0bc3503219
	- fabric-block-view-api-v2 1.0.11+ebb2264e19
	- fabric-blockrenderlayer-v1 1.1.52+0af3f5a719
	- fabric-client-tags-api-v1 1.1.15+6573ed8c19
	- fabric-command-api-v1 1.2.49+f71b366f19
	- fabric-command-api-v2 2.2.28+6ced4dd919
	- fabric-commands-v0 0.2.66+df3654b319
	- fabric-content-registries-v0 8.0.19+b559734419
	- fabric-convention-tags-v1 2.1.6+7f945d5b19
	- fabric-convention-tags-v2 2.11.2+fa89716719
	- fabric-crash-report-info-v1 0.2.29+0af3f5a719
	- fabric-data-attachment-api-v1 1.4.6+5b36e0f719
	- fabric-data-generation-api-v1 20.2.35+37516cd619
	- fabric-dimensions-v1 4.0.1+65213ef819
	- fabric-entity-events-v1 1.8.0+2b27e0a419
	- fabric-events-interaction-v0 0.7.13+ba9dae0619
	- fabric-game-rule-api-v1 1.0.53+6ced4dd919
	- fabric-gametest-api-v1 2.0.5+6fc22b9919
	- fabric-item-api-v1 11.2.0+3b3cb2e819
	- fabric-item-group-api-v1 4.1.7+def88e3a19
	- fabric-key-binding-api-v1 1.0.47+0af3f5a719
	- fabric-keybindings-v0 0.2.45+df3654b319
	- fabric-lifecycle-events-v1 2.6.0+0865547519
	- fabric-loot-api-v2 3.0.15+3f89f5a519
	- fabric-loot-api-v3 1.0.3+3f89f5a519
	- fabric-message-api-v1 6.0.14+8aaf3aca19
	- fabric-model-loading-api-v1 2.1.0+b4d813fc19
	- fabric-networking-api-v1 4.3.0+c7469b2119
	- fabric-object-builder-api-v1 15.2.1+40875a9319
	- fabric-particles-v1 4.0.2+6573ed8c19
	- fabric-recipe-api-v1 5.0.15+2475392c19
	- fabric-registry-sync-v0 5.3.1+e3eddc2119
	- fabric-renderer-api-v1 3.4.1+b4d813fc19
	- fabric-renderer-indigo 1.7.1+c705a49c19
	- fabric-renderer-registries-v1 3.2.69+df3654b319
	- fabric-rendering-data-attachment-v1 0.3.49+73761d2e19
	- fabric-rendering-fluids-v1 3.1.6+1daea21519
	- fabric-rendering-v0 1.1.72+df3654b319
	- fabric-rendering-v1 5.1.0+ab4c25a019
	- fabric-resource-conditions-api-v1 4.3.0+8dc279b119
	- fabric-resource-loader-v0 1.3.1+5b5275af19
	- fabric-screen-api-v1 2.0.25+8b68f1c719
	- fabric-screen-handler-api-v1 1.3.90+b559734419
	- fabric-sound-api-v1 1.0.23+6573ed8c19
	- fabric-transfer-api-v1 5.4.3+c24bd99419
	- fabric-transitive-access-wideners-v1 6.2.0+45b9699719
	- fabricloader 0.16.14
	- java 21
	- minecraft 1.21.1
	- mixinextras 0.4.1
	- resourcemanager 1.0.0
[12:41:57] [main/INFO] (FabricLoader/Mixin) SpongePowered MIXIN Subsystem Version=0.8.7 Source=file:/E:/Gradle/caches/modules-2/files-2.1/net.fabricmc/sponge-mixin/0.15.5+mixin.0.8.7/22f9eb729e216a091673a574a5906dc1b9027fb3/sponge-mixin-0.15.5+mixin.0.8.7.jar Service=Knot/Fabric Env=CLIENT
[12:41:57] [main/INFO] (FabricLoader/Mixin) Loaded Fabric development mappings for mixin remapper!
[12:41:57] [main/INFO] (FabricLoader/Mixin) Compatibility level set to JAVA_17
[12:41:57] [main/INFO] (FabricLoader/Mixin) Compatibility level set to JAVA_21
[12:41:59] [main/INFO] (FabricLoader/MixinExtras|Service) Initializing MixinExtras via com.llamalad7.mixinextras.service.MixinExtrasServiceImpl(version=0.4.1).
[12:42:00] [Datafixer Bootstrap/INFO] (Minecraft) 226 Datafixer optimizations took 541 milliseconds
[12:42:07] [Render thread/INFO] (Minecraft) Environment: Environment[sessionHost=https://sessionserver.mojang.com, servicesHost=https://api.minecraftservices.com, name=PROD]
[12:42:07] [Render thread/INFO] (Minecraft) Setting user: Player531
[12:42:07] [Render thread/INFO] (resourcemanager) Hello Fabric world!
[12:42:07] [Render thread/INFO] (Indigo) [Indigo] Registering Indigo renderer!
[12:42:07] [Render thread/INFO] (Minecraft) [STDOUT]: [verify] harness enabled
[12:42:07] [Render thread/INFO] (Minecraft) Backend library: LWJGL version 3.3.3-snapshot
[12:42:09] [Render thread/INFO] (Minecraft) Reloading ResourceManager: vanilla, fabric, fabric-api, fabric-api-base, fabric-api-lookup-api-v1, fabric-biome-api-v1, fabric-block-api-v1, fabric-block-view-api-v2, fabric-blockrenderlayer-v1, fabric-client-tags-api-v1, fabric-command-api-v1, fabric-command-api-v2, fabric-commands-v0, fabric-content-registries-v0, fabric-convention-tags-v1, fabric-convention-tags-v2, fabric-crash-report-info-v1, fabric-data-attachment-api-v1, fabric-data-generation-api-v1, fabric-dimensions-v1, fabric-entity-events-v1, fabric-events-interaction-v0, fabric-game-rule-api-v1, fabric-gametest-api-v1, fabric-item-api-v1, fabric-item-group-api-v1, fabric-key-binding-api-v1, fabric-keybindings-v0, fabric-lifecycle-events-v1, fabric-loot-api-v2, fabric-loot-api-v3, fabric-message-api-v1, fabric-model-loading-api-v1, fabric-networking-api-v1, fabric-object-builder-api-v1, fabric-particles-v1, fabric-recipe-api-v1, fabric-registry-sync-v0, fabric-renderer-api-v1, fabric-renderer-indigo, fabric-renderer-registries-v1, fabric-rendering-data-attachment-v1, fabric-rendering-fluids-v1, fabric-rendering-v0, fabric-rendering-v1, fabric-resource-conditions-api-v1, fabric-resource-loader-v0, fabric-screen-api-v1, fabric-screen-handler-api-v1, fabric-sound-api-v1, fabric-transfer-api-v1, fabric-transitive-access-wideners-v1, fabricloader, resourcemanager
[12:42:09] [Worker-Main-7/INFO] (Minecraft) Found unifont_all_no_pua-15.1.05.hex, loading
[12:42:09] [Worker-Main-11/INFO] (Minecraft) Found unifont_jp_patch-15.1.05.hex, loading
[12:42:11] [Render thread/WARN] (Minecraft) Missing sound for event: minecraft:item.goat_horn.play
[12:42:11] [Render thread/WARN] (Minecraft) Missing sound for event: minecraft:entity.goat.screaming.horn_break
[12:42:11] [Render thread/INFO] (Minecraft) OpenAL initialized on device OpenAL Soft on 扬声器 (Realtek High Definition Audio)
[12:42:11] [Render thread/INFO] (Minecraft) Sound engine started
[12:42:11] [Render thread/INFO] (Minecraft) Created: 1024x512x4 minecraft:textures/atlas/blocks.png-atlas
[12:42:11] [Render thread/INFO] (Minecraft) Created: 256x256x4 minecraft:textures/atlas/signs.png-atlas
[12:42:11] [Render thread/INFO] (Minecraft) Created: 512x512x4 minecraft:textures/atlas/banner_patterns.png-atlas
[12:42:11] [Render thread/INFO] (Minecraft) Created: 512x512x4 minecraft:textures/atlas/shield_patterns.png-atlas
[12:42:11] [Render thread/INFO] (Minecraft) Created: 1024x1024x4 minecraft:textures/atlas/armor_trims.png-atlas
[12:42:11] [Render thread/INFO] (Minecraft) Created: 256x256x4 minecraft:textures/atlas/chest.png-atlas
[12:42:11] [Render thread/INFO] (Minecraft) Created: 128x64x4 minecraft:textures/atlas/decorated_pot.png-atlas
[12:42:11] [Render thread/INFO] (Minecraft) Created: 512x256x4 minecraft:textures/atlas/beds.png-atlas
[12:42:11] [Render thread/INFO] (Minecraft) Created: 512x256x4 minecraft:textures/atlas/shulker_boxes.png-atlas
[12:42:11] [Render thread/INFO] (Minecraft) Created: 512x256x0 minecraft:textures/atlas/particles.png-atlas
[12:42:11] [Render thread/INFO] (Minecraft) Created: 512x256x0 minecraft:textures/atlas/paintings.png-atlas
[12:42:11] [Render thread/INFO] (Minecraft) Created: 256x128x0 minecraft:textures/atlas/mob_effects.png-atlas
[12:42:11] [Render thread/INFO] (Minecraft) Created: 64x64x0 minecraft:textures/atlas/map_decorations.png-atlas
[12:42:11] [Render thread/INFO] (Minecraft) Created: 1024x512x0 minecraft:textures/atlas/gui.png-atlas
[12:42:11] [Render thread/WARN] (Minecraft) Shader rendertype_entity_translucent_emissive could not find sampler named Sampler2 in the specified shader program.
[12:42:32] [Render thread/INFO] (Minecraft) [STDOUT]: [verify] client ready, screen=TitleScreen
[12:42:32] [Render thread/INFO] (Minecraft) [STDOUT]: [verify] config at start: 0 disabled, 0 tuned sounds, 0 text edits
[12:42:33] [Render thread/INFO] (Minecraft) [STDOUT]: [verify] live pack ids (54): [vanilla, fabric, fabric-api, fabric-api-base, fabric-api-lookup-api-v1, fabric-biome-api-v1, fabric-block-api-v1, fabric-block-view-api-v2, fabric-blockrenderlayer-v1, fabric-client-tags-api-v1, fabric-command-api-v1, fabric-command-api-v2, fabric-commands-v0, fabric-content-registries-v0, fabric-convention-tags-v1, fabric-convention-tags-v2, fabric-crash-report-info-v1, fabric-data-attachment-api-v1, fabric-data-generation-api-v1, fabric-dimensions-v1, fabric-entity-events-v1, fabric-events-interaction-v0, fabric-game-rule-api-v1, fabric-gametest-api-v1, fabric-item-api-v1, fabric-item-group-api-v1, fabric-key-binding-api-v1, fabric-keybindings-v0, fabric-lifecycle-events-v1, fabric-loot-api-v2, fabric-loot-api-v3, fabric-message-api-v1, fabric-model-loading-api-v1, fabric-networking-api-v1, fabric-object-builder-api-v1, fabric-particles-v1, fabric-recipe-api-v1, fabric-registry-sync-v0, fabric-renderer-api-v1, fabric-renderer-indigo, fabric-renderer-registries-v1, fabric-rendering-data-attachment-v1, fabric-rendering-fluids-v1, fabric-rendering-v0, fabric-rendering-v1, fabric-resource-conditions-api-v1, fabric-resource-loader-v0, fabric-screen-api-v1, fabric-screen-handler-api-v1, fabric-sound-api-v1, fabric-transfer-api-v1, fabric-transitive-access-wideners-v1, fabricloader, resourcemanager]
[12:42:33] [Render thread/INFO] (Minecraft) [STDOUT]: [verify] target pack id:  -> normalized 
[12:42:33] [Render thread/INFO] (Minecraft) [STDOUT]: [verify] mixin on FallbackResourceManager applied = true
[12:42:33] [Render thread/INFO] (Minecraft) [STDOUT]: [verify] mixin on AbstractSoundInstance applied = true
[12:42:33] [Render thread/INFO] (Minecraft) [STDOUT]: [verify] SKIP: squareful pack not found
[12:42:33] [Render thread/INFO] (Minecraft) [STDOUT]: [verify] screen before the shortcut = TitleScreen
[12:42:33] [Render thread/INFO] (Minecraft) [STDOUT]: [verify] key binding registered, bound to F8 (key.keyboard.f8), dispatching a key press event
[12:42:34] [ForkJoinPool.commonPool-worker-1/INFO] (resourcemanager) Indexed 54 packs, 12426 resources (17+13 roots) and 1613 sound events from the live resource manager
[12:42:34] [Render thread/INFO] (Minecraft) [STDOUT]: [verify] PASS: the key binding opened the GUI
[12:42:37] [ForkJoinPool.commonPool-worker-1/INFO] (resourcemanager) Indexed 54 packs, 12426 resources (17+13 roots) and 1613 sound events from the live resource manager
[12:42:39] [Render thread/INFO] (Minecraft) [STDOUT]: [verify] screen open, widgets=16
[12:42:43] [Render thread/INFO] (Minecraft) [STDOUT]: [verify] ---- [compact] widget layout (16) screen 512x276 ----
[12:42:43] [Render thread/INFO] (Minecraft) [STDOUT]: [verify]   EditBox            [8,10 321x16] resourcemanager.ui.search
[12:42:43] [Render thread/INFO] (Minecraft) [STDOUT]: [verify]   UiButton           [387,10 76x16] resourcemanager.ui.reload
[12:42:43] [Render thread/INFO] (Minecraft) [STDOUT]: [verify]   UiButton           [467,10 37x16] resourcemanager.ui.close
[12:42:43] [Render thread/INFO] (Minecraft) [STDOUT]: [verify]   UiButton           [335,10 48x16] resourcemanager.ui.sidebar.show
[12:42:43] [Render thread/INFO] (Minecraft) [STDOUT]: [verify]   UiButton           [13,230 138x16] resourcemanager.ui.clearAll
[12:42:43] [Render thread/INFO] (Minecraft) [STDOUT]: [verify]   UiButton           [341,224 158x16] resourcemanager.ui.action.disableAll
[12:42:43] [Render thread/INFO] (Minecraft) [STDOUT]: [verify]   UiButton           [13,51 138x16] resourcemanager.ui.filter.all
[12:42:43] [Render thread/INFO] (Minecraft) [STDOUT]: [verify]   UiButton           [13,69 138x16] resourcemanager.ui.filter.textures
[12:42:43] [Render thread/INFO] (Minecraft) [STDOUT]: [verify]   UiButton           [13,87 138x16] resourcemanager.ui.filter.sounds
[12:42:43] [Render thread/INFO] (Minecraft) [STDOUT]: [verify]   UiButton           [13,105 138x16] resourcemanager.ui.filter.ui
[12:42:43] [Render thread/INFO] (Minecraft) [STDOUT]: [verify]   UiButton           [13,123 138x16] resourcemanager.ui.filter.models
[12:42:43] [Render thread/INFO] (Minecraft) [STDOUT]: [verify]   UiButton           [13,141 138x16] resourcemanager.ui.filter.text
[12:42:43] [Render thread/INFO] (Minecraft) [STDOUT]: [verify]   UiButton           [13,159 138x16] resourcemanager.ui.filter.other
[12:42:43] [Render thread/INFO] (Minecraft) [STDOUT]: [verify]   TreeView           [164,49 164x199] ""
[12:42:43] [Render thread/INFO] (Minecraft) [STDOUT]: [verify]   DisabledList       [12,194 140x32] ""
[12:42:43] [Render thread/INFO] (Minecraft) [STDOUT]: [verify]   UiButton           [128,181 26x11] resourcemanager.ui.disabled.expand
[12:42:43] [Render thread/INFO] (Minecraft) [STDOUT]: [verify] [compact] PASS: no control crosses the toolbar or status text strips
[12:42:43] [Render thread/INFO] (Minecraft) [STDOUT]: [verify] [compact] PASS: visible widgets do not overlap (0)
[12:42:43] [Render thread/INFO] (Minecraft) [STDOUT]: [verify] [compact] PASS: widgets stay inside the screen
[12:42:43] [Render thread/INFO] (Minecraft) [STDOUT]: [verify] [compact] PASS: the tree panel starts right of the sidebar controls (sidebar right=154, tree x=164 [164,49 164x199])
[12:42:43] [Render thread/INFO] (Minecraft) [STDOUT]: [verify] resized the window to 1280x720 with guiScale=2, logical size 640x360
[12:42:43] [ForkJoinPool.commonPool-worker-1/INFO] (resourcemanager) Indexed 54 packs, 12426 resources (17+13 roots) and 1613 sound events from the live resource manager
[12:42:45] [Render thread/INFO] (Minecraft) [STDOUT]: [verify] ---- [wide] widget layout (16) screen 640x360 ----
[12:42:45] [Render thread/INFO] (Minecraft) [STDOUT]: [verify]   EditBox            [114,10 343x16] resourcemanager.ui.search
[12:42:45] [Render thread/INFO] (Minecraft) [STDOUT]: [verify]   UiButton           [515,10 76x16] resourcemanager.ui.reload
[12:42:45] [Render thread/INFO] (Minecraft) [STDOUT]: [verify]   UiButton           [595,10 37x16] resourcemanager.ui.close
[12:42:45] [Render thread/INFO] (Minecraft) [STDOUT]: [verify]   UiButton           [463,10 48x16] resourcemanager.ui.sidebar.show
[12:42:45] [Render thread/INFO] (Minecraft) [STDOUT]: [verify]   UiButton           [13,314 138x16] resourcemanager.ui.clearAll
[12:42:45] [Render thread/INFO] (Minecraft) [STDOUT]: [verify]   UiButton           [444,308 183x16] resourcemanager.ui.action.disableAll
[12:42:45] [Render thread/INFO] (Minecraft) [STDOUT]: [verify]   UiButton           [13,51 138x16] resourcemanager.ui.filter.all
[12:42:45] [Render thread/INFO] (Minecraft) [STDOUT]: [verify]   UiButton           [13,69 138x16] resourcemanager.ui.filter.textures
[12:42:45] [Render thread/INFO] (Minecraft) [STDOUT]: [verify]   UiButton           [13,87 138x16] resourcemanager.ui.filter.sounds
[12:42:45] [Render thread/INFO] (Minecraft) [STDOUT]: [verify]   UiButton           [13,105 138x16] resourcemanager.ui.filter.ui
[12:42:45] [Render thread/INFO] (Minecraft) [STDOUT]: [verify]   UiButton           [13,123 138x16] resourcemanager.ui.filter.models
[12:42:45] [Render thread/INFO] (Minecraft) [STDOUT]: [verify]   UiButton           [13,141 138x16] resourcemanager.ui.filter.text
[12:42:45] [Render thread/INFO] (Minecraft) [STDOUT]: [verify]   UiButton           [13,159 138x16] resourcemanager.ui.filter.other
[12:42:45] [Render thread/INFO] (Minecraft) [STDOUT]: [verify]   TreeView           [164,49 267x283] ""
[12:42:45] [Render thread/INFO] (Minecraft) [STDOUT]: [verify]   DisabledList       [12,194 140x116] ""
[12:42:45] [Render thread/INFO] (Minecraft) [STDOUT]: [verify]   UiButton           [128,181 26x11] resourcemanager.ui.disabled.expand
[12:42:45] [Render thread/INFO] (Minecraft) [STDOUT]: [verify] [wide] PASS: no control crosses the toolbar or status text strips
[12:42:45] [Render thread/INFO] (Minecraft) [STDOUT]: [verify] [wide] PASS: visible widgets do not overlap (0)
[12:42:45] [Render thread/INFO] (Minecraft) [STDOUT]: [verify] [wide] PASS: widgets stay inside the screen
[12:42:45] [Render thread/INFO] (Minecraft) [STDOUT]: [verify] [wide] PASS: the tree panel starts right of the sidebar controls (sidebar right=154, tree x=164 [164,49 267x283])
[12:42:45] [Render thread/INFO] (Minecraft) [STDOUT]: [verify] typed "redstone_block" into the search box
[12:42:47] [Render thread/INFO] (Minecraft) [STDOUT]: [verify] selected the last filtered row with arrow keys
[12:42:47] [Render thread/INFO] (Minecraft) [STDOUT]: [verify] rows matching "redstone_block" = 12
[12:42:47] [Render thread/INFO] (Minecraft) [STDOUT]: [verify]   row 8: minecraft:models/item/redstone_block.json
[12:42:47] [Render thread/INFO] (Minecraft) [STDOUT]: [verify]   row 9: textures
[12:42:47] [Render thread/INFO] (Minecraft) [STDOUT]: [verify]   row 10: block
[12:42:47] [Render thread/INFO] (Minecraft) [STDOUT]: [verify]   row 11: minecraft:textures/block/redstone_block.png
[12:42:48] [Render thread/INFO] (Minecraft) [STDOUT]: [verify] toggle button: disable=true enable=false
[12:42:48] [Render thread/INFO] (Minecraft) [STDOUT]: [verify] clicking the toggle button at [444,308]
[12:42:48] [Render thread/INFO] (Minecraft) [STDOUT]: [verify] config keys added by the GUI click: [vanilla|minecraft:textures/block/redstone_block.png]
[12:42:48] [Render thread/INFO] (Minecraft) [STDOUT]: [verify] PASS: the GUI disabled exactly one resource (1)
[12:42:48] [Render thread/INFO] (Minecraft) [STDOUT]: [verify] PASS: the stored pack id matches a live pack id
[12:42:49] [Render thread/INFO] (Minecraft) [STDOUT]: [verify] focused the search box, current value="Search resources"
[12:42:49] [Render thread/INFO] (Minecraft) [STDOUT]: [verify] typed "sounds.json" to reach sound event rows
[12:42:49] [Render thread/INFO] (Minecraft) [STDOUT]: [verify] rows matching "sounds.json" = 1616
[12:42:49] [Render thread/INFO] (Minecraft) [STDOUT]: [verify]   row 1612: minecraft:ui.toast.in
[12:42:49] [Render thread/INFO] (Minecraft) [STDOUT]: [verify]   row 1613: minecraft:ui.toast.out
[12:42:49] [Render thread/INFO] (Minecraft) [STDOUT]: [verify]   row 1614: minecraft:weather.rain
[12:42:49] [Render thread/INFO] (Minecraft) [STDOUT]: [verify]   row 1615: minecraft:weather.rain.above
[12:42:51] [Render thread/INFO] (Minecraft) [STDOUT]: [verify] visible sliders after selecting a sound event: 2
[12:42:51] [Render thread/INFO] (Minecraft) [STDOUT]: [verify] clicked Reset so the slider click has to produce a visible change
[12:42:51] [Render thread/INFO] (Minecraft) [STDOUT]: [verify] clicking the first slider at [572,287], rect [444,280 183x14] label=Volume visible=true active=true
[12:42:51] [Render thread/INFO] (Minecraft) [STDOUT]: [verify] mouseClicked handled=true, tuning keys after the click: [minecraft:block.barrel.open], all keys: [minecraft:block.barrel.open]
[12:42:51] [Render thread/INFO] (Minecraft) [STDOUT]: [verify] PASS: the volume slider changed the stored tuning
[12:42:52] [Render thread/INFO] (Minecraft) [STDOUT]: [verify] stored tuning minecraft:block.barrel.open volume=3.07 pitch=1.00
[12:42:52] [Render thread/INFO] (Minecraft) [STDOUT]: [verify] PASS: a louder than default volume is stored
[12:42:52] [Render thread/INFO] (Minecraft) [STDOUT]: [verify] play button visible = true
[12:42:52] [Render thread/INFO] (Minecraft) [STDOUT]: [verify] clicked Play at [537,314], tuning key = minecraft:block.barrel.open
[12:42:54] [Render thread/INFO] (Minecraft) [STDOUT]: [verify] status after Play: Playing minecraft:block.barrel.open
[12:42:54] [Render thread/INFO] (Minecraft) [STDOUT]: [verify] previewed event = minecraft:block.barrel.open
[12:42:54] [Render thread/INFO] (Minecraft) [STDOUT]: [verify] PASS: the preview sound is really audible (the sound engine reports the instance as active)
[12:42:54] [Render thread/INFO] (Minecraft) [STDOUT]: [verify] focused the search box, current value="Search resources"
[12:42:54] [Render thread/INFO] (Minecraft) [STDOUT]: [verify] search box now reads ""
[12:42:54] [Render thread/INFO] (Minecraft) [STDOUT]: [verify] seeded 0 disabled entries so the expanded list has rows to show
[12:42:54] [Render thread/INFO] (Minecraft) [STDOUT]: [verify] expand button visible = true, fullscreen already = false
[12:42:54] [Render thread/INFO] (Minecraft) [STDOUT]: [verify] PASS: the disabled column expanded to the whole window
[12:42:54] [Render thread/INFO] (Minecraft) [STDOUT]: [verify] expanded disabled list [10,57 620x275] window 640x360
[12:42:54] [Render thread/INFO] (Minecraft) [STDOUT]: [verify] PASS: the expanded list spans the window width
[12:42:54] [Render thread/INFO] (Minecraft) [STDOUT]: [verify] back button visible = true
[12:42:54] [Render thread/INFO] (Minecraft) [STDOUT]: [verify] ---- [fullscreen-disabled] widget layout (7) screen 640x360 ----
[12:42:54] [Render thread/INFO] (Minecraft) [STDOUT]: [verify]   EditBox            [114,10 343x16] resourcemanager.ui.search
[12:42:54] [Render thread/INFO] (Minecraft) [STDOUT]: [verify]   UiButton           [515,10 76x16] resourcemanager.ui.reload
[12:42:54] [Render thread/INFO] (Minecraft) [STDOUT]: [verify]   UiButton           [595,10 37x16] resourcemanager.ui.close
[12:42:54] [Render thread/INFO] (Minecraft) [STDOUT]: [verify]   UiButton           [463,10 48x16] resourcemanager.ui.sidebar.show
[12:42:54] [Render thread/INFO] (Minecraft) [STDOUT]: [verify]   UiButton           [531,37 53x16] resourcemanager.ui.clearAll
[12:42:54] [Render thread/INFO] (Minecraft) [STDOUT]: [verify]   DisabledList       [10,57 620x275] ""
[12:42:54] [Render thread/INFO] (Minecraft) [STDOUT]: [verify]   UiButton           [588,37 40x16] resourcemanager.ui.disabled.back
[12:42:54] [Render thread/INFO] (Minecraft) [STDOUT]: [verify] [fullscreen-disabled] PASS: no control crosses the toolbar or status text strips
[12:42:54] [Render thread/INFO] (Minecraft) [STDOUT]: [verify] [fullscreen-disabled] PASS: visible widgets do not overlap (0)
[12:42:54] [Render thread/INFO] (Minecraft) [STDOUT]: [verify] [fullscreen-disabled] PASS: widgets stay inside the screen
[12:42:55] [Render thread/INFO] (Minecraft) [STDOUT]: [verify] PASS: ESC returns from the expanded view and keeps the GUI open (screen=ResourceManagerScreen)
[12:42:55] [Render thread/INFO] (Minecraft) [STDOUT]: [verify] focused the search box, current value="Search resources"
[12:42:55] [Render thread/INFO] (Minecraft) [STDOUT]: [verify] search box now reads "en_us.json"
[12:42:55] [Render thread/INFO] (Minecraft) [STDOUT]: [verify] rows matching "en_us.json" = 31
[12:42:55] [Render thread/INFO] (Minecraft) [STDOUT]: [verify]   row 27: minecraft:lang/en_us.json
[12:42:55] [Render thread/INFO] (Minecraft) [STDOUT]: [verify]   row 28: realms:
[12:42:55] [Render thread/INFO] (Minecraft) [STDOUT]: [verify]   row 29: lang
[12:42:55] [Render thread/INFO] (Minecraft) [STDOUT]: [verify]   row 30: realms:lang/en_us.json
[12:42:55] [Render thread/INFO] (Minecraft) [STDOUT]: [verify] text editor visible = false, keys = 5
[12:42:55] [Render thread/INFO] (Minecraft) [STDOUT]: [verify] lang file realms:lang/en_us.json with 5 keys, editing "mco.notification.transferSubscription.buttonText"
[12:42:55] [Render thread/INFO] (Minecraft) [STDOUT]: [verify] PASS: the lang file is recognised as a text resource (path realms:lang/en_us.json)
[12:42:56] [Render thread/INFO] (Minecraft) [STDOUT]: [verify] the inspector switched to the text editor for this lang file
[12:42:56] [Render thread/INFO] (Minecraft) [STDOUT]: [verify] key row clicked, selected key = mco.notification.transferSubscription.buttonText
[12:42:56] [Render thread/INFO] (Minecraft) [STDOUT]: [verify] typed the new text into the value box and clicked Apply
[12:42:56] [Render thread/INFO] (Minecraft) [STDOUT]: [verify] config override for "mco.notification.transferSubscription.buttonText" = RM_VERIFY_LANG_VALUE
[12:42:56] [Render thread/INFO] (Minecraft) [STDOUT]: [verify] the running game resolves "mco.notification.transferSubscription.buttonText" = "RM_VERIFY_LANG_VALUE"
[12:42:56] [Render thread/INFO] (Minecraft) [STDOUT]: [verify] PASS: the edited text is stored in the config
[12:42:56] [Render thread/INFO] (Minecraft) [STDOUT]: [verify] PASS: the edited text takes effect immediately, including on cached components
[12:42:57] [Render thread/INFO] (Minecraft) [STDOUT]: [verify] after revert: override = null, the game resolves "Transfer Now"
[12:42:57] [Render thread/INFO] (Minecraft) [STDOUT]: [verify] PASS: reverting removes the override and the pack text is used again
[12:42:57] [Render thread/INFO] (Minecraft) [STDOUT]: [verify] category filter button visible = true
[12:42:57] [Render thread/INFO] (Minecraft) [STDOUT]: [verify] focused the search box, current value="Search resources"
[12:42:57] [Render thread/INFO] (Minecraft) [STDOUT]: [verify] search box now reads ""
[12:42:57] [Render thread/INFO] (Minecraft) [STDOUT]: [verify] switched the category filter to textures and expanded two levels
[12:42:57] [Render thread/INFO] (Minecraft) [STDOUT]: [verify] textures-only tree shows 1083 expanded rows, first file row: minecraft:textures/block/acacia_door_bottom.png
[12:42:57] [Render thread/INFO] (Minecraft) [STDOUT]: [verify] PASS: the texture category only keeps textures (minecraft:textures/block/acacia_door_bottom.png)
[12:42:57] [Render thread/INFO] (Minecraft) [STDOUT]: [verify] focused the search box, current value="Search resources"
[12:42:58] [Render thread/INFO] (Minecraft) [STDOUT]: [verify] search box now reads "redstone_block"
[12:42:58] [Render thread/INFO] (Minecraft) [STDOUT]: [verify] selected node = minecraft:textures/block/redstone_block.png
[12:42:58] [Render thread/INFO] (Minecraft) [STDOUT]: [verify] PASS: file rows keep their full path, which the category filter matches on
[12:42:58] [Render thread/INFO] (Minecraft) [STDOUT]: [verify] PASS: the inspector renders a thumbnail of the selected texture (16x16)
[12:42:58] [Render thread/INFO] (Minecraft) [STDOUT]: [verify] SKIP: no two provider texture is currently served by its own pack
[12:42:59] [Render thread/INFO] (Minecraft) [STDOUT]: [verify] SKIP: no serving target was picked
[12:42:59] [Render thread/INFO] (Minecraft) [STDOUT]: [verify] clicking "reload packs"
[12:42:59] [Render thread/INFO] (Minecraft) Reloading ResourceManager: vanilla, fabric, fabric-api, fabric-api-base, fabric-api-lookup-api-v1, fabric-biome-api-v1, fabric-block-api-v1, fabric-block-view-api-v2, fabric-blockrenderlayer-v1, fabric-client-tags-api-v1, fabric-command-api-v1, fabric-command-api-v2, fabric-commands-v0, fabric-content-registries-v0, fabric-convention-tags-v1, fabric-convention-tags-v2, fabric-crash-report-info-v1, fabric-data-attachment-api-v1, fabric-data-generation-api-v1, fabric-dimensions-v1, fabric-entity-events-v1, fabric-events-interaction-v0, fabric-game-rule-api-v1, fabric-gametest-api-v1, fabric-item-api-v1, fabric-item-group-api-v1, fabric-key-binding-api-v1, fabric-keybindings-v0, fabric-lifecycle-events-v1, fabric-loot-api-v2, fabric-loot-api-v3, fabric-message-api-v1, fabric-model-loading-api-v1, fabric-networking-api-v1, fabric-object-builder-api-v1, fabric-particles-v1, fabric-recipe-api-v1, fabric-registry-sync-v0, fabric-renderer-api-v1, fabric-renderer-indigo, fabric-renderer-registries-v1, fabric-rendering-data-attachment-v1, fabric-rendering-fluids-v1, fabric-rendering-v0, fabric-rendering-v1, fabric-resource-conditions-api-v1, fabric-resource-loader-v0, fabric-screen-api-v1, fabric-screen-handler-api-v1, fabric-sound-api-v1, fabric-transfer-api-v1, fabric-transitive-access-wideners-v1, fabricloader, resourcemanager
[12:42:59] [Worker-Main-3/INFO] (Minecraft) Found unifont_all_no_pua-15.1.05.hex, loading
[12:42:59] [Worker-Main-13/INFO] (Minecraft) Found unifont_jp_patch-15.1.05.hex, loading
[12:43:00] [Worker-Main-10/WARN] (Minecraft) Missing textures in model minecraft:redstone_block#inventory:
    minecraft:textures/atlas/blocks.png:minecraft:block/redstone_block
[12:43:00] [Worker-Main-10/WARN] (Minecraft) Missing textures in model minecraft:redstone_block#:
    minecraft:textures/atlas/blocks.png:minecraft:block/redstone_block
[12:43:00] [Render thread/WARN] (Minecraft) Missing sound for event: minecraft:item.goat_horn.play
[12:43:00] [Render thread/WARN] (Minecraft) Missing sound for event: minecraft:entity.goat.screaming.horn_break
[12:43:00] [Render thread/INFO] (Minecraft) OpenAL initialized on device OpenAL Soft on 扬声器 (Realtek High Definition Audio)
[12:43:00] [Render thread/INFO] (Minecraft) Sound engine started
[12:43:00] [Render thread/INFO] (Minecraft) Created: 1024x512x4 minecraft:textures/atlas/blocks.png-atlas
[12:43:00] [Render thread/INFO] (Minecraft) Created: 256x256x4 minecraft:textures/atlas/signs.png-atlas
[12:43:00] [Render thread/INFO] (Minecraft) Created: 512x512x4 minecraft:textures/atlas/banner_patterns.png-atlas
[12:43:00] [Render thread/INFO] (Minecraft) Created: 512x512x4 minecraft:textures/atlas/shield_patterns.png-atlas
[12:43:00] [Render thread/INFO] (Minecraft) Created: 1024x1024x4 minecraft:textures/atlas/armor_trims.png-atlas
[12:43:00] [Render thread/INFO] (Minecraft) Created: 256x256x4 minecraft:textures/atlas/chest.png-atlas
[12:43:00] [Render thread/INFO] (Minecraft) Created: 128x64x4 minecraft:textures/atlas/decorated_pot.png-atlas
[12:43:00] [Render thread/INFO] (Minecraft) Created: 512x256x4 minecraft:textures/atlas/beds.png-atlas
[12:43:00] [Render thread/INFO] (Minecraft) Created: 512x256x4 minecraft:textures/atlas/shulker_boxes.png-atlas
[12:43:00] [Render thread/INFO] (Minecraft) Created: 512x256x0 minecraft:textures/atlas/particles.png-atlas
[12:43:00] [Render thread/INFO] (Minecraft) Created: 512x256x0 minecraft:textures/atlas/paintings.png-atlas
[12:43:00] [Render thread/INFO] (Minecraft) Created: 256x128x0 minecraft:textures/atlas/mob_effects.png-atlas
[12:43:00] [Render thread/INFO] (Minecraft) Created: 64x64x0 minecraft:textures/atlas/map_decorations.png-atlas
[12:43:00] [Render thread/INFO] (Minecraft) Created: 1024x512x0 minecraft:textures/atlas/gui.png-atlas
[12:43:00] [Render thread/WARN] (Minecraft) Shader rendertype_entity_translucent_emissive could not find sampler named Sampler2 in the specified shader program.
[12:43:00] [ForkJoinPool.commonPool-worker-1/INFO] (resourcemanager) Indexed 54 packs, 12426 resources (17+13 roots) and 1613 sound events from the live resource manager
[12:43:09] [Render thread/INFO] (Minecraft) [STDOUT]: [verify] SKIP: no serving target was picked
[12:43:09] [Render thread/INFO] (Minecraft) [STDOUT]: [verify] a diamond sword shows "Diamond Sword" in game (key item.minecraft.diamond_sword)
[12:43:09] [Render thread/INFO] (Minecraft) [STDOUT]: [verify] focused the search box, current value="Search resources"
[12:43:09] [Render thread/INFO] (Minecraft) [STDOUT]: [verify] search box now reads "lang/en_us.json"
[12:43:10] [Render thread/INFO] (Minecraft) [STDOUT]: [verify] picked minecraft:lang/en_us.json with 6881 keys; it declares item.minecraft.diamond_sword = "Diamond Sword"
[12:43:10] [Render thread/INFO] (Minecraft) [STDOUT]: [verify] filtering the key list by that text leaves 1 keys, first: item.minecraft.diamond_sword
[12:43:10] [Render thread/INFO] (Minecraft) [STDOUT]: [verify] PASS: searching by the text you see in game finds the key behind it
[12:43:10] [Render thread/INFO] (Minecraft) [STDOUT]: [verify] clicked the key row, the editor now edits item.minecraft.diamond_sword
[12:43:10] [Render thread/INFO] (Minecraft) [STDOUT]: [verify] typed the new item name and clicked Apply, the editor now edits item.minecraft.diamond_sword
[12:43:10] [Render thread/INFO] (Minecraft) [STDOUT]: [verify] config override for item.minecraft.diamond_sword = RM_VERIFY_ITEM_NAME
[12:43:10] [Render thread/INFO] (Minecraft) [STDOUT]: [verify] the language lookup resolves it to "RM_VERIFY_ITEM_NAME"
[12:43:10] [Render thread/INFO] (Minecraft) [STDOUT]: [verify] a diamond sword now shows "RM_VERIFY_ITEM_NAME"
[12:43:10] [Render thread/INFO] (Minecraft) [STDOUT]: [verify] PASS: the item name override is stored in the config
[12:43:10] [Render thread/INFO] (Minecraft) [STDOUT]: [verify] PASS: the item really displays the new name in game (was "Diamond Sword")
[12:43:11] [Render thread/INFO] (Minecraft) [STDOUT]: [verify] after revert: override = null, the sword shows "Diamond Sword"
[12:43:11] [Render thread/INFO] (Minecraft) [STDOUT]: [verify] PASS: reverting brings the original item name back
[12:43:11] [Render thread/INFO] (Minecraft) [STDOUT]: [verify] screen after reload = ResourceManagerScreen
[12:43:11] [Render thread/INFO] (Minecraft) [STDOUT]: [verify] pressed ESC, screen is now TitleScreen
[12:43:11] [Render thread/INFO] (Minecraft) [STDOUT]: [verify] PASS: ESC closes the GUI without a crash
[12:43:11] [Render thread/INFO] (Minecraft) [STDOUT]: [verify] report written to D:\Code\ResourceManager versions\resourcemanager-1.21.1\run\verify-report.txt
[12:43:11] [Render thread/INFO] (Minecraft) [STDOUT]: [verify] restored the config to its original state (0 disabled, 0 tuned sounds, 0 text edits)
[12:43:11] [Render thread/INFO] (Minecraft) [STDOUT]: [verify] harness enabled
[12:43:11] [Render thread/INFO] (Minecraft) [STDOUT]: [verify] client ready, screen=TitleScreen
[12:43:11] [Render thread/INFO] (Minecraft) [STDOUT]: [verify] config at start: 0 disabled, 0 tuned sounds, 0 text edits
[12:43:11] [Render thread/INFO] (Minecraft) [STDOUT]: [verify] live pack ids (54): [vanilla, fabric, fabric-api, fabric-api-base, fabric-api-lookup-api-v1, fabric-biome-api-v1, fabric-block-api-v1, fabric-block-view-api-v2, fabric-blockrenderlayer-v1, fabric-client-tags-api-v1, fabric-command-api-v1, fabric-command-api-v2, fabric-commands-v0, fabric-content-registries-v0, fabric-convention-tags-v1, fabric-convention-tags-v2, fabric-crash-report-info-v1, fabric-data-attachment-api-v1, fabric-data-generation-api-v1, fabric-dimensions-v1, fabric-entity-events-v1, fabric-events-interaction-v0, fabric-game-rule-api-v1, fabric-gametest-api-v1, fabric-item-api-v1, fabric-item-group-api-v1, fabric-key-binding-api-v1, fabric-keybindings-v0, fabric-lifecycle-events-v1, fabric-loot-api-v2, fabric-loot-api-v3, fabric-message-api-v1, fabric-model-loading-api-v1, fabric-networking-api-v1, fabric-object-builder-api-v1, fabric-particles-v1, fabric-recipe-api-v1, fabric-registry-sync-v0, fabric-renderer-api-v1, fabric-renderer-indigo, fabric-renderer-registries-v1, fabric-rendering-data-attachment-v1, fabric-rendering-fluids-v1, fabric-rendering-v0, fabric-rendering-v1, fabric-resource-conditions-api-v1, fabric-resource-loader-v0, fabric-screen-api-v1, fabric-screen-handler-api-v1, fabric-sound-api-v1, fabric-transfer-api-v1, fabric-transitive-access-wideners-v1, fabricloader, resourcemanager]
[12:43:11] [Render thread/INFO] (Minecraft) [STDOUT]: [verify] target pack id:  -> normalized 
[12:43:11] [Render thread/INFO] (Minecraft) [STDOUT]: [verify] mixin on FallbackResourceManager applied = true
[12:43:11] [Render thread/INFO] (Minecraft) [STDOUT]: [verify] mixin on AbstractSoundInstance applied = true
[12:43:11] [Render thread/INFO] (Minecraft) [STDOUT]: [verify] SKIP: squareful pack not found
[12:43:11] [Render thread/INFO] (Minecraft) [STDOUT]: [verify] screen before the shortcut = TitleScreen
[12:43:11] [Render thread/INFO] (Minecraft) [STDOUT]: [verify] key binding registered, bound to F8 (key.keyboard.f8), dispatching a key press event
[12:43:11] [Render thread/INFO] (Minecraft) [STDOUT]: [verify] PASS: the key binding opened the GUI
[12:43:11] [Render thread/INFO] (Minecraft) [STDOUT]: [verify] screen open, widgets=16
[12:43:11] [Render thread/INFO] (Minecraft) [STDOUT]: [verify] ---- [compact] widget layout (16) screen 512x276 ----
[12:43:11] [Render thread/INFO] (Minecraft) [STDOUT]: [verify]   EditBox            [8,10 321x16] resourcemanager.ui.search
[12:43:11] [Render thread/INFO] (Minecraft) [STDOUT]: [verify]   UiButton           [387,10 76x16] resourcemanager.ui.reload
[12:43:11] [Render thread/INFO] (Minecraft) [STDOUT]: [verify]   UiButton           [467,10 37x16] resourcemanager.ui.close
[12:43:11] [Render thread/INFO] (Minecraft) [STDOUT]: [verify]   UiButton           [335,10 48x16] resourcemanager.ui.sidebar.show
[12:43:11] [Render thread/INFO] (Minecraft) [STDOUT]: [verify]   UiButton           [13,230 138x16] resourcemanager.ui.clearAll
[12:43:11] [Render thread/INFO] (Minecraft) [STDOUT]: [verify]   UiButton           [341,224 158x16] resourcemanager.ui.action.disableAll
[12:43:11] [Render thread/INFO] (Minecraft) [STDOUT]: [verify]   UiButton           [13,51 138x16] resourcemanager.ui.filter.all
[12:43:11] [Render thread/INFO] (Minecraft) [STDOUT]: [verify]   UiButton           [13,69 138x16] resourcemanager.ui.filter.textures
[12:43:11] [Render thread/INFO] (Minecraft) [STDOUT]: [verify]   UiButton           [13,87 138x16] resourcemanager.ui.filter.sounds
[12:43:11] [Render thread/INFO] (Minecraft) [STDOUT]: [verify]   UiButton           [13,105 138x16] resourcemanager.ui.filter.ui
[12:43:11] [Render thread/INFO] (Minecraft) [STDOUT]: [verify]   UiButton           [13,123 138x16] resourcemanager.ui.filter.models
[12:43:11] [Render thread/INFO] (Minecraft) [STDOUT]: [verify]   UiButton           [13,141 138x16] resourcemanager.ui.filter.text
[12:43:11] [Render thread/INFO] (Minecraft) [STDOUT]: [verify]   UiButton           [13,159 138x16] resourcemanager.ui.filter.other
[12:43:11] [Render thread/INFO] (Minecraft) [STDOUT]: [verify]   TreeView           [164,49 164x199] ""
[12:43:11] [Render thread/INFO] (Minecraft) [STDOUT]: [verify]   DisabledList       [12,194 140x32] ""
[12:43:11] [Render thread/INFO] (Minecraft) [STDOUT]: [verify]   UiButton           [128,181 26x11] resourcemanager.ui.disabled.expand
[12:43:11] [Render thread/INFO] (Minecraft) [STDOUT]: [verify] [compact] PASS: no control crosses the toolbar or status text strips
[12:43:11] [Render thread/INFO] (Minecraft) [STDOUT]: [verify] [compact] PASS: visible widgets do not overlap (0)
[12:43:11] [Render thread/INFO] (Minecraft) [STDOUT]: [verify] [compact] PASS: widgets stay inside the screen
[12:43:11] [Render thread/INFO] (Minecraft) [STDOUT]: [verify] [compact] PASS: the tree panel starts right of the sidebar controls (sidebar right=154, tree x=164 [164,49 164x199])
[12:43:11] [Render thread/INFO] (Minecraft) [STDOUT]: [verify] resized the window to 1280x720 with guiScale=2, logical size 640x360
[12:43:11] [Render thread/INFO] (Minecraft) [STDOUT]: [verify] ---- [wide] widget layout (16) screen 640x360 ----
[12:43:11] [Render thread/INFO] (Minecraft) [STDOUT]: [verify]   EditBox            [114,10 343x16] resourcemanager.ui.search
[12:43:11] [Render thread/INFO] (Minecraft) [STDOUT]: [verify]   UiButton           [515,10 76x16] resourcemanager.ui.reload
[12:43:11] [Render thread/INFO] (Minecraft) [STDOUT]: [verify]   UiButton           [595,10 37x16] resourcemanager.ui.close
[12:43:11] [Render thread/INFO] (Minecraft) [STDOUT]: [verify]   UiButton           [463,10 48x16] resourcemanager.ui.sidebar.show
[12:43:11] [Render thread/INFO] (Minecraft) [STDOUT]: [verify]   UiButton           [13,314 138x16] resourcemanager.ui.clearAll
[12:43:11] [Render thread/INFO] (Minecraft) [STDOUT]: [verify]   UiButton           [444,308 183x16] resourcemanager.ui.action.disableAll
[12:43:11] [Render thread/INFO] (Minecraft) [STDOUT]: [verify]   UiButton           [13,51 138x16] resourcemanager.ui.filter.all
[12:43:11] [Render thread/INFO] (Minecraft) [STDOUT]: [verify]   UiButton           [13,69 138x16] resourcemanager.ui.filter.textures
[12:43:11] [Render thread/INFO] (Minecraft) [STDOUT]: [verify]   UiButton           [13,87 138x16] resourcemanager.ui.filter.sounds
[12:43:11] [Render thread/INFO] (Minecraft) [STDOUT]: [verify]   UiButton           [13,105 138x16] resourcemanager.ui.filter.ui
[12:43:11] [Render thread/INFO] (Minecraft) [STDOUT]: [verify]   UiButton           [13,123 138x16] resourcemanager.ui.filter.models
[12:43:11] [Render thread/INFO] (Minecraft) [STDOUT]: [verify]   UiButton           [13,141 138x16] resourcemanager.ui.filter.text
[12:43:11] [Render thread/INFO] (Minecraft) [STDOUT]: [verify]   UiButton           [13,159 138x16] resourcemanager.ui.filter.other
[12:43:11] [Render thread/INFO] (Minecraft) [STDOUT]: [verify]   TreeView           [164,49 267x283] ""
[12:43:11] [Render thread/INFO] (Minecraft) [STDOUT]: [verify]   DisabledList       [12,194 140x116] ""
[12:43:11] [Render thread/INFO] (Minecraft) [STDOUT]: [verify]   UiButton           [128,181 26x11] resourcemanager.ui.disabled.expand
[12:43:11] [Render thread/INFO] (Minecraft) [STDOUT]: [verify] [wide] PASS: no control crosses the toolbar or status text strips
[12:43:11] [Render thread/INFO] (Minecraft) [STDOUT]: [verify] [wide] PASS: visible widgets do not overlap (0)
[12:43:11] [Render thread/INFO] (Minecraft) [STDOUT]: [verify] [wide] PASS: widgets stay inside the screen
[12:43:11] [Render thread/INFO] (Minecraft) [STDOUT]: [verify] [wide] PASS: the tree panel starts right of the sidebar controls (sidebar right=154, tree x=164 [164,49 267x283])
[12:43:11] [Render thread/INFO] (Minecraft) [STDOUT]: [verify] typed "redstone_block" into the search box
[12:43:11] [Render thread/INFO] (Minecraft) [STDOUT]: [verify] selected the last filtered row with arrow keys
[12:43:11] [Render thread/INFO] (Minecraft) [STDOUT]: [verify] rows matching "redstone_block" = 12
[12:43:11] [Render thread/INFO] (Minecraft) [STDOUT]: [verify]   row 8: minecraft:models/item/redstone_block.json
[12:43:11] [Render thread/INFO] (Minecraft) [STDOUT]: [verify]   row 9: textures
[12:43:11] [Render thread/INFO] (Minecraft) [STDOUT]: [verify]   row 10: block
[12:43:11] [Render thread/INFO] (Minecraft) [STDOUT]: [verify]   row 11: minecraft:textures/block/redstone_block.png
[12:43:11] [Render thread/INFO] (Minecraft) [STDOUT]: [verify] toggle button: disable=true enable=false
[12:43:11] [Render thread/INFO] (Minecraft) [STDOUT]: [verify] clicking the toggle button at [444,308]
[12:43:11] [Render thread/INFO] (Minecraft) [STDOUT]: [verify] config keys added by the GUI click: [vanilla|minecraft:textures/block/redstone_block.png]
[12:43:11] [Render thread/INFO] (Minecraft) [STDOUT]: [verify] PASS: the GUI disabled exactly one resource (1)
[12:43:11] [Render thread/INFO] (Minecraft) [STDOUT]: [verify] PASS: the stored pack id matches a live pack id
[12:43:11] [Render thread/INFO] (Minecraft) [STDOUT]: [verify] focused the search box, current value="Search resources"
[12:43:11] [Render thread/INFO] (Minecraft) [STDOUT]: [verify] typed "sounds.json" to reach sound event rows
[12:43:11] [Render thread/INFO] (Minecraft) [STDOUT]: [verify] rows matching "sounds.json" = 1616
[12:43:11] [Render thread/INFO] (Minecraft) [STDOUT]: [verify]   row 1612: minecraft:ui.toast.in
[12:43:11] [Render thread/INFO] (Minecraft) [STDOUT]: [verify]   row 1613: minecraft:ui.toast.out
[12:43:11] [Render thread/INFO] (Minecraft) [STDOUT]: [verify]   row 1614: minecraft:weather.rain
[12:43:11] [Render thread/INFO] (Minecraft) [STDOUT]: [verify]   row 1615: minecraft:weather.rain.above
[12:43:11] [Render thread/INFO] (Minecraft) [STDOUT]: [verify] visible sliders after selecting a sound event: 2
[12:43:11] [Render thread/INFO] (Minecraft) [STDOUT]: [verify] clicked Reset so the slider click has to produce a visible change
[12:43:11] [Render thread/INFO] (Minecraft) [STDOUT]: [verify] clicking the first slider at [572,287], rect [444,280 183x14] label=Volume visible=true active=true
[12:43:11] [Render thread/INFO] (Minecraft) [STDOUT]: [verify] mouseClicked handled=true, tuning keys after the click: [minecraft:block.barrel.open], all keys: [minecraft:block.barrel.open]
[12:43:11] [Render thread/INFO] (Minecraft) [STDOUT]: [verify] PASS: the volume slider changed the stored tuning
[12:43:11] [Render thread/INFO] (Minecraft) [STDOUT]: [verify] stored tuning minecraft:block.barrel.open volume=3.07 pitch=1.00
[12:43:11] [Render thread/INFO] (Minecraft) [STDOUT]: [verify] PASS: a louder than default volume is stored
[12:43:11] [Render thread/INFO] (Minecraft) [STDOUT]: [verify] play button visible = true
[12:43:11] [Render thread/INFO] (Minecraft) [STDOUT]: [verify] clicked Play at [537,314], tuning key = minecraft:block.barrel.open
[12:43:11] [Render thread/INFO] (Minecraft) [STDOUT]: [verify] status after Play: Playing minecraft:block.barrel.open
[12:43:11] [Render thread/INFO] (Minecraft) [STDOUT]: [verify] previewed event = minecraft:block.barrel.open
[12:43:11] [Render thread/INFO] (Minecraft) [STDOUT]: [verify] PASS: the preview sound is really audible (the sound engine reports the instance as active)
[12:43:11] [Render thread/INFO] (Minecraft) [STDOUT]: [verify] focused the search box, current value="Search resources"
[12:43:11] [Render thread/INFO] (Minecraft) [STDOUT]: [verify] search box now reads ""
[12:43:11] [Render thread/INFO] (Minecraft) [STDOUT]: [verify] seeded 0 disabled entries so the expanded list has rows to show
[12:43:11] [Render thread/INFO] (Minecraft) [STDOUT]: [verify] expand button visible = true, fullscreen already = false
[12:43:11] [Render thread/INFO] (Minecraft) [STDOUT]: [verify] PASS: the disabled column expanded to the whole window
[12:43:11] [Render thread/INFO] (Minecraft) [STDOUT]: [verify] expanded disabled list [10,57 620x275] window 640x360
[12:43:11] [Render thread/INFO] (Minecraft) [STDOUT]: [verify] PASS: the expanded list spans the window width
[12:43:11] [Render thread/INFO] (Minecraft) [STDOUT]: [verify] back button visible = true
[12:43:11] [Render thread/INFO] (Minecraft) [STDOUT]: [verify] ---- [fullscreen-disabled] widget layout (7) screen 640x360 ----
[12:43:11] [Render thread/INFO] (Minecraft) [STDOUT]: [verify]   EditBox            [114,10 343x16] resourcemanager.ui.search
[12:43:11] [Render thread/INFO] (Minecraft) [STDOUT]: [verify]   UiButton           [515,10 76x16] resourcemanager.ui.reload
[12:43:11] [Render thread/INFO] (Minecraft) [STDOUT]: [verify]   UiButton           [595,10 37x16] resourcemanager.ui.close
[12:43:11] [Render thread/INFO] (Minecraft) [STDOUT]: [verify]   UiButton           [463,10 48x16] resourcemanager.ui.sidebar.show
[12:43:11] [Render thread/INFO] (Minecraft) [STDOUT]: [verify]   UiButton           [531,37 53x16] resourcemanager.ui.clearAll
[12:43:11] [Render thread/INFO] (Minecraft) [STDOUT]: [verify]   DisabledList       [10,57 620x275] ""
[12:43:11] [Render thread/INFO] (Minecraft) [STDOUT]: [verify]   UiButton           [588,37 40x16] resourcemanager.ui.disabled.back
[12:43:11] [Render thread/INFO] (Minecraft) [STDOUT]: [verify] [fullscreen-disabled] PASS: no control crosses the toolbar or status text strips
[12:43:11] [Render thread/INFO] (Minecraft) [STDOUT]: [verify] [fullscreen-disabled] PASS: visible widgets do not overlap (0)
[12:43:11] [Render thread/INFO] (Minecraft) [STDOUT]: [verify] [fullscreen-disabled] PASS: widgets stay inside the screen
[12:43:11] [Render thread/INFO] (Minecraft) [STDOUT]: [verify] PASS: ESC returns from the expanded view and keeps the GUI open (screen=ResourceManagerScreen)
[12:43:11] [Render thread/INFO] (Minecraft) [STDOUT]: [verify] focused the search box, current value="Search resources"
[12:43:11] [Render thread/INFO] (Minecraft) [STDOUT]: [verify] search box now reads "en_us.json"
[12:43:11] [Render thread/INFO] (Minecraft) [STDOUT]: [verify] rows matching "en_us.json" = 31
[12:43:11] [Render thread/INFO] (Minecraft) [STDOUT]: [verify]   row 27: minecraft:lang/en_us.json
[12:43:11] [Render thread/INFO] (Minecraft) [STDOUT]: [verify]   row 28: realms:
[12:43:11] [Render thread/INFO] (Minecraft) [STDOUT]: [verify]   row 29: lang
[12:43:11] [Render thread/INFO] (Minecraft) [STDOUT]: [verify]   row 30: realms:lang/en_us.json
[12:43:11] [Render thread/INFO] (Minecraft) [STDOUT]: [verify] text editor visible = false, keys = 5
[12:43:11] [Render thread/INFO] (Minecraft) [STDOUT]: [verify] lang file realms:lang/en_us.json with 5 keys, editing "mco.notification.transferSubscription.buttonText"
[12:43:11] [Render thread/INFO] (Minecraft) [STDOUT]: [verify] PASS: the lang file is recognised as a text resource (path realms:lang/en_us.json)
[12:43:11] [Render thread/INFO] (Minecraft) [STDOUT]: [verify] the inspector switched to the text editor for this lang file
[12:43:11] [Render thread/INFO] (Minecraft) [STDOUT]: [verify] key row clicked, selected key = mco.notification.transferSubscription.buttonText
[12:43:11] [Render thread/INFO] (Minecraft) [STDOUT]: [verify] typed the new text into the value box and clicked Apply
[12:43:11] [Render thread/INFO] (Minecraft) [STDOUT]: [verify] config override for "mco.notification.transferSubscription.buttonText" = RM_VERIFY_LANG_VALUE
[12:43:11] [Render thread/INFO] (Minecraft) [STDOUT]: [verify] the running game resolves "mco.notification.transferSubscription.buttonText" = "RM_VERIFY_LANG_VALUE"
[12:43:11] [Render thread/INFO] (Minecraft) [STDOUT]: [verify] PASS: the edited text is stored in the config
[12:43:11] [Render thread/INFO] (Minecraft) [STDOUT]: [verify] PASS: the edited text takes effect immediately, including on cached components
[12:43:11] [Render thread/INFO] (Minecraft) [STDOUT]: [verify] after revert: override = null, the game resolves "Transfer Now"
[12:43:11] [Render thread/INFO] (Minecraft) [STDOUT]: [verify] PASS: reverting removes the override and the pack text is used again
[12:43:11] [Render thread/INFO] (Minecraft) [STDOUT]: [verify] category filter button visible = true
[12:43:11] [Render thread/INFO] (Minecraft) [STDOUT]: [verify] focused the search box, current value="Search resources"
[12:43:11] [Render thread/INFO] (Minecraft) [STDOUT]: [verify] search box now reads ""
[12:43:11] [Render thread/INFO] (Minecraft) [STDOUT]: [verify] switched the category filter to textures and expanded two levels
[12:43:11] [Render thread/INFO] (Minecraft) [STDOUT]: [verify] textures-only tree shows 1083 expanded rows, first file row: minecraft:textures/block/acacia_door_bottom.png
[12:43:11] [Render thread/INFO] (Minecraft) [STDOUT]: [verify] PASS: the texture category only keeps textures (minecraft:textures/block/acacia_door_bottom.png)
[12:43:11] [Render thread/INFO] (Minecraft) [STDOUT]: [verify] focused the search box, current value="Search resources"
[12:43:11] [Render thread/INFO] (Minecraft) [STDOUT]: [verify] search box now reads "redstone_block"
[12:43:11] [Render thread/INFO] (Minecraft) [STDOUT]: [verify] selected node = minecraft:textures/block/redstone_block.png
[12:43:11] [Render thread/INFO] (Minecraft) [STDOUT]: [verify] PASS: file rows keep their full path, which the category filter matches on
[12:43:11] [Render thread/INFO] (Minecraft) [STDOUT]: [verify] PASS: the inspector renders a thumbnail of the selected texture (16x16)
[12:43:11] [Render thread/INFO] (Minecraft) [STDOUT]: [verify] SKIP: no two provider texture is currently served by its own pack
[12:43:11] [Render thread/INFO] (Minecraft) [STDOUT]: [verify] SKIP: no serving target was picked
[12:43:11] [Render thread/INFO] (Minecraft) [STDOUT]: [verify] clicking "reload packs"
[12:43:11] [Render thread/INFO] (Minecraft) [STDOUT]: [verify] SKIP: no serving target was picked
[12:43:11] [Render thread/INFO] (Minecraft) [STDOUT]: [verify] a diamond sword shows "Diamond Sword" in game (key item.minecraft.diamond_sword)
[12:43:11] [Render thread/INFO] (Minecraft) [STDOUT]: [verify] focused the search box, current value="Search resources"
[12:43:11] [Render thread/INFO] (Minecraft) [STDOUT]: [verify] search box now reads "lang/en_us.json"
[12:43:11] [Render thread/INFO] (Minecraft) [STDOUT]: [verify] picked minecraft:lang/en_us.json with 6881 keys; it declares item.minecraft.diamond_sword = "Diamond Sword"
[12:43:11] [Render thread/INFO] (Minecraft) [STDOUT]: [verify] filtering the key list by that text leaves 1 keys, first: item.minecraft.diamond_sword
[12:43:11] [Render thread/INFO] (Minecraft) [STDOUT]: [verify] PASS: searching by the text you see in game finds the key behind it
[12:43:11] [Render thread/INFO] (Minecraft) [STDOUT]: [verify] clicked the key row, the editor now edits item.minecraft.diamond_sword
[12:43:11] [Render thread/INFO] (Minecraft) [STDOUT]: [verify] typed the new item name and clicked Apply, the editor now edits item.minecraft.diamond_sword
[12:43:11] [Render thread/INFO] (Minecraft) [STDOUT]: [verify] config override for item.minecraft.diamond_sword = RM_VERIFY_ITEM_NAME
[12:43:11] [Render thread/INFO] (Minecraft) [STDOUT]: [verify] the language lookup resolves it to "RM_VERIFY_ITEM_NAME"
[12:43:11] [Render thread/INFO] (Minecraft) [STDOUT]: [verify] a diamond sword now shows "RM_VERIFY_ITEM_NAME"
[12:43:11] [Render thread/INFO] (Minecraft) [STDOUT]: [verify] PASS: the item name override is stored in the config
[12:43:11] [Render thread/INFO] (Minecraft) [STDOUT]: [verify] PASS: the item really displays the new name in game (was "Diamond Sword")
[12:43:11] [Render thread/INFO] (Minecraft) [STDOUT]: [verify] after revert: override = null, the sword shows "Diamond Sword"
[12:43:11] [Render thread/INFO] (Minecraft) [STDOUT]: [verify] PASS: reverting brings the original item name back
[12:43:11] [Render thread/INFO] (Minecraft) [STDOUT]: [verify] screen after reload = ResourceManagerScreen
[12:43:11] [Render thread/INFO] (Minecraft) [STDOUT]: [verify] pressed ESC, screen is now TitleScreen
[12:43:11] [Render thread/INFO] (Minecraft) [STDOUT]: [verify] PASS: ESC closes the GUI without a crash
[12:43:11] [Render thread/INFO] (Minecraft) [STDOUT]: [verify] report written to D:\Code\ResourceManager versions\resourcemanager-1.21.1\run\verify-report.txt
[12:43:11] [Render thread/INFO] (Minecraft) [STDOUT]: [verify] restored the config to its original state (0 disabled, 0 tuned sounds, 0 text edits)
[12:43:11] [Render thread/INFO] (Minecraft) [STDOUT]: [verify] config file:
{
  "disabled": [],
  "sounds": {},
  "texts": {}
}
[12:43:11] [Render thread/INFO] (Minecraft) [STDOUT]: [verify] DONE
[12:43:11] [Render thread/INFO] (Minecraft) Stopping!

[Incubating] Problems report is available at: file:///D:/Code/ResourceManager%20versions/resourcemanager-1.21.1/build/reports/problems/problems-report.html

Deprecated Gradle features were used in this build, making it incompatible with Gradle 10.

You can use '--warning-mode all' to show the individual deprecation warnings and determine if they come from your own scripts or plugins.

For more on this, please refer to https://docs.gradle.org/9.7.1/userguide/command_line_interface.html#sec:command_line_warnings in the Gradle documentation.

BUILD SUCCESSFUL in 1m 18s
9 actionable tasks: 2 executed, 7 up-to-date
Configuration cache entry stored.
